Command line invocation:
    /Applications/Xcode.app/Contents/Developer/usr/bin/xcodebuild -project DesktopPets.xcodeproj -scheme DesktopPetsTests test

ComputePackagePrebuildTargetDependencyGraph

Prepare packages

CreateBuildRequest

SendProjectDescription

CreateBuildOperation

ComputeTargetDependencyGraph
note: Building targets in dependency order
note: Target dependency graph (2 targets)
    Target 'DesktopPetsTests' in project 'DesktopPets'
        ➜ Explicit dependency on target 'DesktopPets' in project 'DesktopPets'
    Target 'DesktopPets' in project 'DesktopPets' (no dependencies)

GatherProvisioningInputs

CreateBuildDescription

ExecuteExternalTool /Applications/Xcode.app/Contents/Developer/Toolchains/XcodeDefault.xctoolchain/usr/bin/swiftc --version

ExecuteExternalTool /Applications/Xcode.app/Contents/Developer/Toolchains/XcodeDefault.xctoolchain/usr/bin/clang -v -E -dM -isysroot /Applications/Xcode.app/Contents/Developer/Platforms/MacOSX.platform/Developer/SDKs/MacOSX15.4.sdk -x c -c /dev/null

ExecuteExternalTool /Applications/Xcode.app/Contents/Developer/Toolchains/XcodeDefault.xctoolchain/usr/bin/ld -version_details

Build description signature: 22523e3b1eb249124f1a6644ac7f1e64
Build description path: /Users/didi/Library/Developer/Xcode/DerivedData/DesktopPets-emfrruwyvkefzddtxrhpwqyuiczy/Build/Intermediates.noindex/XCBuildData/22523e3b1eb249124f1a6644ac7f1e64.xcbuilddata
ClangStatCache /Applications/Xcode.app/Contents/Developer/Toolchains/XcodeDefault.xctoolchain/usr/bin/clang-stat-cache /Applications/Xcode.app/Contents/Developer/Platforms/MacOSX.platform/Developer/SDKs/MacOSX15.4.sdk /Users/didi/Library/Developer/Xcode/DerivedData/SDKStatCaches.noindex/macosx15.4-24E241-88b860576fb364319593bd8fb30666b0.sdkstatcache
    cd /Users/didi/workspace/own-proj/desktop-pets/DesktopPets.xcodeproj
    /Applications/Xcode.app/Contents/Developer/Toolchains/XcodeDefault.xctoolchain/usr/bin/clang-stat-cache /Applications/Xcode.app/Contents/Developer/Platforms/MacOSX.platform/Developer/SDKs/MacOSX15.4.sdk -o /Users/didi/Library/Developer/Xcode/DerivedData/SDKStatCaches.noindex/macosx15.4-24E241-88b860576fb364319593bd8fb30666b0.sdkstatcache

ProcessProductPackaging "" /Users/didi/Library/Developer/Xcode/DerivedData/DesktopPets-emfrruwyvkefzddtxrhpwqyuiczy/Build/Intermediates.noindex/DesktopPets.build/Debug/DesktopPets.build/DesktopPets.app.xcent (in target 'DesktopPets' from project 'DesktopPets')
    cd /Users/didi/workspace/own-proj/desktop-pets
    
    Entitlements:
    
    {
    "com.apple.security.get-task-allow" = 1;
}
    
    builtin-productPackagingUtility -entitlements -format xml -o /Users/didi/Library/Developer/Xcode/DerivedData/DesktopPets-emfrruwyvkefzddtxrhpwqyuiczy/Build/Intermediates.noindex/DesktopPets.build/Debug/DesktopPets.build/DesktopPets.app.xcent

ProcessProductPackagingDER /Users/didi/Library/Developer/Xcode/DerivedData/DesktopPets-emfrruwyvkefzddtxrhpwqyuiczy/Build/Intermediates.noindex/DesktopPets.build/Debug/DesktopPets.build/DesktopPets.app.xcent /Users/didi/Library/Developer/Xcode/DerivedData/DesktopPets-emfrruwyvkefzddtxrhpwqyuiczy/Build/Intermediates.noindex/DesktopPets.build/Debug/DesktopPets.build/DesktopPets.app.xcent.der (in target 'DesktopPets' from project 'DesktopPets')
    cd /Users/didi/workspace/own-proj/desktop-pets
    /usr/bin/derq query -f xml -i /Users/didi/Library/Developer/Xcode/DerivedData/DesktopPets-emfrruwyvkefzddtxrhpwqyuiczy/Build/Intermediates.noindex/DesktopPets.build/Debug/DesktopPets.build/DesktopPets.app.xcent -o /Users/didi/Library/Developer/Xcode/DerivedData/DesktopPets-emfrruwyvkefzddtxrhpwqyuiczy/Build/Intermediates.noindex/DesktopPets.build/Debug/DesktopPets.build/DesktopPets.app.xcent.der --raw

SwiftDriver DesktopPets normal arm64 com.apple.xcode.tools.swift.compiler (in target 'DesktopPets' from project 'DesktopPets')
    cd /Users/didi/workspace/own-proj/desktop-pets
    builtin-SwiftDriver -- /Applications/Xcode.app/Contents/Developer/Toolchains/XcodeDefault.xctoolchain/usr/bin/swiftc -module-name DesktopPets -Onone -enforce-exclusivity\=checked @/Users/didi/Library/Developer/Xcode/DerivedData/DesktopPets-emfrruwyvkefzddtxrhpwqyuiczy/Build/Intermediates.noindex/DesktopPets.build/Debug/DesktopPets.build/Objects-normal/arm64/DesktopPets.SwiftFileList -DDEBUG -enable-bare-slash-regex -enable-experimental-feature DebugDescriptionMacro -sdk /Applications/Xcode.app/Contents/Developer/Platforms/MacOSX.platform/Developer/SDKs/MacOSX15.4.sdk -target arm64-apple-macos14.0 -g -module-cache-path /Users/didi/Library/Developer/Xcode/DerivedData/ModuleCache.noindex -Xfrontend -serialize-debugging-options -profile-coverage-mapping -profile-generate -enable-testing -index-store-path /Users/didi/Library/Developer/Xcode/DerivedData/DesktopPets-emfrruwyvkefzddtxrhpwqyuiczy/Index.noindex/DataStore -swift-version 5 -I /Users/didi/Library/Developer/Xcode/DerivedData/DesktopPets-emfrruwyvkefzddtxrhpwqyuiczy/Build/Products/Debug -F /Users/didi/Library/Developer/Xcode/DerivedData/DesktopPets-emfrruwyvkefzddtxrhpwqyuiczy/Build/Products/Debug -c -j8 -enable-batch-mode -incremental -Xcc -ivfsstatcache -Xcc /Users/didi/Library/Developer/Xcode/DerivedData/SDKStatCaches.noindex/macosx15.4-24E241-88b860576fb364319593bd8fb30666b0.sdkstatcache -output-file-map /Users/didi/Library/Developer/Xcode/DerivedData/DesktopPets-emfrruwyvkefzddtxrhpwqyuiczy/Build/Intermediates.noindex/DesktopPets.build/Debug/DesktopPets.build/Objects-normal/arm64/DesktopPets-OutputFileMap.json -use-frontend-parseable-output -save-temps -no-color-diagnostics -serialize-diagnostics -emit-dependencies -emit-module -emit-module-path /Users/didi/Library/Developer/Xcode/DerivedData/DesktopPets-emfrruwyvkefzddtxrhpwqyuiczy/Build/Intermediates.noindex/DesktopPets.build/Debug/DesktopPets.build/Objects-normal/arm64/DesktopPets.swiftmodule -validate-clang-modules-once -clang-build-session-file /Users/didi/Library/Developer/Xcode/DerivedData/ModuleCache.noindex/Session.modulevalidation -Xcc -I/Users/didi/Library/Developer/Xcode/DerivedData/DesktopPets-emfrruwyvkefzddtxrhpwqyuiczy/Build/Intermediates.noindex/DesktopPets.build/Debug/DesktopPets.build/swift-overrides.hmap -emit-const-values -Xfrontend -const-gather-protocols-file -Xfrontend /Users/didi/Library/Developer/Xcode/DerivedData/DesktopPets-emfrruwyvkefzddtxrhpwqyuiczy/Build/Intermediates.noindex/DesktopPets.build/Debug/DesktopPets.build/Objects-normal/arm64/DesktopPets_const_extract_protocols.json -Xcc -iquote -Xcc /Users/didi/Library/Developer/Xcode/DerivedData/DesktopPets-emfrruwyvkefzddtxrhpwqyuiczy/Build/Intermediates.noindex/DesktopPets.build/Debug/DesktopPets.build/DesktopPets-generated-files.hmap -Xcc -I/Users/didi/Library/Developer/Xcode/DerivedData/DesktopPets-emfrruwyvkefzddtxrhpwqyuiczy/Build/Intermediates.noindex/DesktopPets.build/Debug/DesktopPets.build/DesktopPets-own-target-headers.hmap -Xcc -I/Users/didi/Library/Developer/Xcode/DerivedData/DesktopPets-emfrruwyvkefzddtxrhpwqyuiczy/Build/Intermediates.noindex/DesktopPets.build/Debug/DesktopPets.build/DesktopPets-all-target-headers.hmap -Xcc -iquote -Xcc /Users/didi/Library/Developer/Xcode/DerivedData/DesktopPets-emfrruwyvkefzddtxrhpwqyuiczy/Build/Intermediates.noindex/DesktopPets.build/Debug/DesktopPets.build/DesktopPets-project-headers.hmap -Xcc -I/Users/didi/Library/Developer/Xcode/DerivedData/DesktopPets-emfrruwyvkefzddtxrhpwqyuiczy/Build/Products/Debug/include -Xcc -I/Users/didi/Library/Developer/Xcode/DerivedData/DesktopPets-emfrruwyvkefzddtxrhpwqyuiczy/Build/Intermediates.noindex/DesktopPets.build/Debug/DesktopPets.build/DerivedSources-normal/arm64 -Xcc -I/Users/didi/Library/Developer/Xcode/DerivedData/DesktopPets-emfrruwyvkefzddtxrhpwqyuiczy/Build/Intermediates.noindex/DesktopPets.build/Debug/DesktopPets.build/DerivedSources/arm64 -Xcc -I/Users/didi/Library/Developer/Xcode/DerivedData/DesktopPets-emfrruwyvkefzddtxrhpwqyuiczy/Build/Intermediates.noindex/DesktopPets.build/Debug/DesktopPets.build/DerivedSources -Xcc -DDEBUG\=1 -emit-objc-header -emit-objc-header-path /Users/didi/Library/Developer/Xcode/DerivedData/DesktopPets-emfrruwyvkefzddtxrhpwqyuiczy/Build/Intermediates.noindex/DesktopPets.build/Debug/DesktopPets.build/Objects-normal/arm64/DesktopPets-Swift.h -working-directory /Users/didi/workspace/own-proj/desktop-pets -experimental-emit-module-separately -disable-cmo

SwiftEmitModule normal arm64 Emitting\ module\ for\ DesktopPets (in target 'DesktopPets' from project 'DesktopPets')

EmitSwiftModule normal arm64 (in target 'DesktopPets' from project 'DesktopPets')
    cd /Users/didi/workspace/own-proj/desktop-pets
    

SwiftDriverJobDiscovery normal arm64 Emitting module for DesktopPets (in target 'DesktopPets' from project 'DesktopPets')

SwiftDriver\ Compilation\ Requirements DesktopPets normal arm64 com.apple.xcode.tools.swift.compiler (in target 'DesktopPets' from project 'DesktopPets')
    cd /Users/didi/workspace/own-proj/desktop-pets
    builtin-Swift-Compilation-Requirements -- /Applications/Xcode.app/Contents/Developer/Toolchains/XcodeDefault.xctoolchain/usr/bin/swiftc -module-name DesktopPets -Onone -enforce-exclusivity\=checked @/Users/didi/Library/Developer/Xcode/DerivedData/DesktopPets-emfrruwyvkefzddtxrhpwqyuiczy/Build/Intermediates.noindex/DesktopPets.build/Debug/DesktopPets.build/Objects-normal/arm64/DesktopPets.SwiftFileList -DDEBUG -enable-bare-slash-regex -enable-experimental-feature DebugDescriptionMacro -sdk /Applications/Xcode.app/Contents/Developer/Platforms/MacOSX.platform/Developer/SDKs/MacOSX15.4.sdk -target arm64-apple-macos14.0 -g -module-cache-path /Users/didi/Library/Developer/Xcode/DerivedData/ModuleCache.noindex -Xfrontend -serialize-debugging-options -profile-coverage-mapping -profile-generate -enable-testing -index-store-path /Users/didi/Library/Developer/Xcode/DerivedData/DesktopPets-emfrruwyvkefzddtxrhpwqyuiczy/Index.noindex/DataStore -swift-version 5 -I /Users/didi/Library/Developer/Xcode/DerivedData/DesktopPets-emfrruwyvkefzddtxrhpwqyuiczy/Build/Products/Debug -F /Users/didi/Library/Developer/Xcode/DerivedData/DesktopPets-emfrruwyvkefzddtxrhpwqyuiczy/Build/Products/Debug -c -j8 -enable-batch-mode -incremental -Xcc -ivfsstatcache -Xcc /Users/didi/Library/Developer/Xcode/DerivedData/SDKStatCaches.noindex/macosx15.4-24E241-88b860576fb364319593bd8fb30666b0.sdkstatcache -output-file-map /Users/didi/Library/Developer/Xcode/DerivedData/DesktopPets-emfrruwyvkefzddtxrhpwqyuiczy/Build/Intermediates.noindex/DesktopPets.build/Debug/DesktopPets.build/Objects-normal/arm64/DesktopPets-OutputFileMap.json -use-frontend-parseable-output -save-temps -no-color-diagnostics -serialize-diagnostics -emit-dependencies -emit-module -emit-module-path /Users/didi/Library/Developer/Xcode/DerivedData/DesktopPets-emfrruwyvkefzddtxrhpwqyuiczy/Build/Intermediates.noindex/DesktopPets.build/Debug/DesktopPets.build/Objects-normal/arm64/DesktopPets.swiftmodule -validate-clang-modules-once -clang-build-session-file /Users/didi/Library/Developer/Xcode/DerivedData/ModuleCache.noindex/Session.modulevalidation -Xcc -I/Users/didi/Library/Developer/Xcode/DerivedData/DesktopPets-emfrruwyvkefzddtxrhpwqyuiczy/Build/Intermediates.noindex/DesktopPets.build/Debug/DesktopPets.build/swift-overrides.hmap -emit-const-values -Xfrontend -const-gather-protocols-file -Xfrontend /Users/didi/Library/Developer/Xcode/DerivedData/DesktopPets-emfrruwyvkefzddtxrhpwqyuiczy/Build/Intermediates.noindex/DesktopPets.build/Debug/DesktopPets.build/Objects-normal/arm64/DesktopPets_const_extract_protocols.json -Xcc -iquote -Xcc /Users/didi/Library/Developer/Xcode/DerivedData/DesktopPets-emfrruwyvkefzddtxrhpwqyuiczy/Build/Intermediates.noindex/DesktopPets.build/Debug/DesktopPets.build/DesktopPets-generated-files.hmap -Xcc -I/Users/didi/Library/Developer/Xcode/DerivedData/DesktopPets-emfrruwyvkefzddtxrhpwqyuiczy/Build/Intermediates.noindex/DesktopPets.build/Debug/DesktopPets.build/DesktopPets-own-target-headers.hmap -Xcc -I/Users/didi/Library/Developer/Xcode/DerivedData/DesktopPets-emfrruwyvkefzddtxrhpwqyuiczy/Build/Intermediates.noindex/DesktopPets.build/Debug/DesktopPets.build/DesktopPets-all-target-headers.hmap -Xcc -iquote -Xcc /Users/didi/Library/Developer/Xcode/DerivedData/DesktopPets-emfrruwyvkefzddtxrhpwqyuiczy/Build/Intermediates.noindex/DesktopPets.build/Debug/DesktopPets.build/DesktopPets-project-headers.hmap -Xcc -I/Users/didi/Library/Developer/Xcode/DerivedData/DesktopPets-emfrruwyvkefzddtxrhpwqyuiczy/Build/Products/Debug/include -Xcc -I/Users/didi/Library/Developer/Xcode/DerivedData/DesktopPets-emfrruwyvkefzddtxrhpwqyuiczy/Build/Intermediates.noindex/DesktopPets.build/Debug/DesktopPets.build/DerivedSources-normal/arm64 -Xcc -I/Users/didi/Library/Developer/Xcode/DerivedData/DesktopPets-emfrruwyvkefzddtxrhpwqyuiczy/Build/Intermediates.noindex/DesktopPets.build/Debug/DesktopPets.build/DerivedSources/arm64 -Xcc -I/Users/didi/Library/Developer/Xcode/DerivedData/DesktopPets-emfrruwyvkefzddtxrhpwqyuiczy/Build/Intermediates.noindex/DesktopPets.build/Debug/DesktopPets.build/DerivedSources -Xcc -DDEBUG\=1 -emit-objc-header -emit-objc-header-path /Users/didi/Library/Developer/Xcode/DerivedData/DesktopPets-emfrruwyvkefzddtxrhpwqyuiczy/Build/Intermediates.noindex/DesktopPets.build/Debug/DesktopPets.build/Objects-normal/arm64/DesktopPets-Swift.h -working-directory /Users/didi/workspace/own-proj/desktop-pets -experimental-emit-module-separately -disable-cmo

Copy /Users/didi/Library/Developer/Xcode/DerivedData/DesktopPets-emfrruwyvkefzddtxrhpwqyuiczy/Build/Products/Debug/DesktopPets.swiftmodule/Project/arm64-apple-macos.swiftsourceinfo /Users/didi/Library/Developer/Xcode/DerivedData/DesktopPets-emfrruwyvkefzddtxrhpwqyuiczy/Build/Intermediates.noindex/DesktopPets.build/Debug/DesktopPets.build/Objects-normal/arm64/DesktopPets.swiftsourceinfo (in target 'DesktopPets' from project 'DesktopPets')
    cd /Users/didi/workspace/own-proj/desktop-pets
    builtin-copy -exclude .DS_Store -exclude CVS -exclude .svn -exclude .git -exclude .hg -resolve-src-symlinks -rename /Users/didi/Library/Developer/Xcode/DerivedData/DesktopPets-emfrruwyvkefzddtxrhpwqyuiczy/Build/Intermediates.noindex/DesktopPets.build/Debug/DesktopPets.build/Objects-normal/arm64/DesktopPets.swiftsourceinfo /Users/didi/Library/Developer/Xcode/DerivedData/DesktopPets-emfrruwyvkefzddtxrhpwqyuiczy/Build/Products/Debug/DesktopPets.swiftmodule/Project/arm64-apple-macos.swiftsourceinfo

Copy /Users/didi/Library/Developer/Xcode/DerivedData/DesktopPets-emfrruwyvkefzddtxrhpwqyuiczy/Build/Products/Debug/DesktopPets.swiftmodule/arm64-apple-macos.swiftmodule /Users/didi/Library/Developer/Xcode/DerivedData/DesktopPets-emfrruwyvkefzddtxrhpwqyuiczy/Build/Intermediates.noindex/DesktopPets.build/Debug/DesktopPets.build/Objects-normal/arm64/DesktopPets.swiftmodule (in target 'DesktopPets' from project 'DesktopPets')
    cd /Users/didi/workspace/own-proj/desktop-pets
    builtin-copy -exclude .DS_Store -exclude CVS -exclude .svn -exclude .git -exclude .hg -resolve-src-symlinks -rename /Users/didi/Library/Developer/Xcode/DerivedData/DesktopPets-emfrruwyvkefzddtxrhpwqyuiczy/Build/Intermediates.noindex/DesktopPets.build/Debug/DesktopPets.build/Objects-normal/arm64/DesktopPets.swiftmodule /Users/didi/Library/Developer/Xcode/DerivedData/DesktopPets-emfrruwyvkefzddtxrhpwqyuiczy/Build/Products/Debug/DesktopPets.swiftmodule/arm64-apple-macos.swiftmodule

Copy /Users/didi/Library/Developer/Xcode/DerivedData/DesktopPets-emfrruwyvkefzddtxrhpwqyuiczy/Build/Products/Debug/DesktopPets.swiftmodule/arm64-apple-macos.abi.json /Users/didi/Library/Developer/Xcode/DerivedData/DesktopPets-emfrruwyvkefzddtxrhpwqyuiczy/Build/Intermediates.noindex/DesktopPets.build/Debug/DesktopPets.build/Objects-normal/arm64/DesktopPets.abi.json (in target 'DesktopPets' from project 'DesktopPets')
    cd /Users/didi/workspace/own-proj/desktop-pets
    builtin-copy -exclude .DS_Store -exclude CVS -exclude .svn -exclude .git -exclude .hg -resolve-src-symlinks -rename /Users/didi/Library/Developer/Xcode/DerivedData/DesktopPets-emfrruwyvkefzddtxrhpwqyuiczy/Build/Intermediates.noindex/DesktopPets.build/Debug/DesktopPets.build/Objects-normal/arm64/DesktopPets.abi.json /Users/didi/Library/Developer/Xcode/DerivedData/DesktopPets-emfrruwyvkefzddtxrhpwqyuiczy/Build/Products/Debug/DesktopPets.swiftmodule/arm64-apple-macos.abi.json

SwiftDriver DesktopPetsTests normal arm64 com.apple.xcode.tools.swift.compiler (in target 'DesktopPetsTests' from project 'DesktopPets')
    cd /Users/didi/workspace/own-proj/desktop-pets
    builtin-SwiftDriver -- /Applications/Xcode.app/Contents/Developer/Toolchains/XcodeDefault.xctoolchain/usr/bin/swiftc -module-name DesktopPetsTests -Onone -enforce-exclusivity\=checked @/Users/didi/Library/Developer/Xcode/DerivedData/DesktopPets-emfrruwyvkefzddtxrhpwqyuiczy/Build/Intermediates.noindex/DesktopPets.build/Debug/DesktopPetsTests.build/Objects-normal/arm64/DesktopPetsTests.SwiftFileList -DDEBUG -plugin-path /Applications/Xcode.app/Contents/Developer/Toolchains/XcodeDefault.xctoolchain/usr/lib/swift/host/plugins/testing -enable-bare-slash-regex -enable-experimental-feature DebugDescriptionMacro -sdk /Applications/Xcode.app/Contents/Developer/Platforms/MacOSX.platform/Developer/SDKs/MacOSX15.4.sdk -target arm64-apple-macos14.0 -g -module-cache-path /Users/didi/Library/Developer/Xcode/DerivedData/ModuleCache.noindex -Xfrontend -serialize-debugging-options -profile-coverage-mapping -profile-generate -enable-testing -index-store-path /Users/didi/Library/Developer/Xcode/DerivedData/DesktopPets-emfrruwyvkefzddtxrhpwqyuiczy/Index.noindex/DataStore -swift-version 5 -I /Users/didi/Library/Developer/Xcode/DerivedData/DesktopPets-emfrruwyvkefzddtxrhpwqyuiczy/Build/Products/Debug -I /Applications/Xcode.app/Contents/Developer/Platforms/MacOSX.platform/Developer/usr/lib -F /Users/didi/Library/Developer/Xcode/DerivedData/DesktopPets-emfrruwyvkefzddtxrhpwqyuiczy/Build/Products/Debug -F /Applications/Xcode.app/Contents/Developer/Platforms/MacOSX.platform/Developer/Library/Frameworks -parse-as-library -c -j8 -enable-batch-mode -incremental -Xcc -ivfsstatcache -Xcc /Users/didi/Library/Developer/Xcode/DerivedData/SDKStatCaches.noindex/macosx15.4-24E241-88b860576fb364319593bd8fb30666b0.sdkstatcache -output-file-map /Users/didi/Library/Developer/Xcode/DerivedData/DesktopPets-emfrruwyvkefzddtxrhpwqyuiczy/Build/Intermediates.noindex/DesktopPets.build/Debug/DesktopPetsTests.build/Objects-normal/arm64/DesktopPetsTests-OutputFileMap.json -use-frontend-parseable-output -save-temps -no-color-diagnostics -serialize-diagnostics -emit-dependencies -emit-module -emit-module-path /Users/didi/Library/Developer/Xcode/DerivedData/DesktopPets-emfrruwyvkefzddtxrhpwqyuiczy/Build/Intermediates.noindex/DesktopPets.build/Debug/DesktopPetsTests.build/Objects-normal/arm64/DesktopPetsTests.swiftmodule -validate-clang-modules-once -clang-build-session-file /Users/didi/Library/Developer/Xcode/DerivedData/ModuleCache.noindex/Session.modulevalidation -Xcc -I/Users/didi/Library/Developer/Xcode/DerivedData/DesktopPets-emfrruwyvkefzddtxrhpwqyuiczy/Build/Intermediates.noindex/DesktopPets.build/Debug/DesktopPetsTests.build/swift-overrides.hmap -emit-const-values -Xfrontend -const-gather-protocols-file -Xfrontend /Users/didi/Library/Developer/Xcode/DerivedData/DesktopPets-emfrruwyvkefzddtxrhpwqyuiczy/Build/Intermediates.noindex/DesktopPets.build/Debug/DesktopPetsTests.build/Objects-normal/arm64/DesktopPetsTests_const_extract_protocols.json -Xcc -iquote -Xcc /Users/didi/Library/Developer/Xcode/DerivedData/DesktopPets-emfrruwyvkefzddtxrhpwqyuiczy/Build/Intermediates.noindex/DesktopPets.build/Debug/DesktopPetsTests.build/DesktopPetsTests-generated-files.hmap -Xcc -I/Users/didi/Library/Developer/Xcode/DerivedData/DesktopPets-emfrruwyvkefzddtxrhpwqyuiczy/Build/Intermediates.noindex/DesktopPets.build/Debug/DesktopPetsTests.build/DesktopPetsTests-own-target-headers.hmap -Xcc -I/Users/didi/Library/Developer/Xcode/DerivedData/DesktopPets-emfrruwyvkefzddtxrhpwqyuiczy/Build/Intermediates.noindex/DesktopPets.build/Debug/DesktopPetsTests.build/DesktopPetsTests-all-target-headers.hmap -Xcc -iquote -Xcc /Users/didi/Library/Developer/Xcode/DerivedData/DesktopPets-emfrruwyvkefzddtxrhpwqyuiczy/Build/Intermediates.noindex/DesktopPets.build/Debug/DesktopPetsTests.build/DesktopPetsTests-project-headers.hmap -Xcc -I/Users/didi/Library/Developer/Xcode/DerivedData/DesktopPets-emfrruwyvkefzddtxrhpwqyuiczy/Build/Products/Debug/include -Xcc -I/Users/didi/Library/Developer/Xcode/DerivedData/DesktopPets-emfrruwyvkefzddtxrhpwqyuiczy/Build/Intermediates.noindex/DesktopPets.build/Debug/DesktopPetsTests.build/DerivedSources-normal/arm64 -Xcc -I/Users/didi/Library/Developer/Xcode/DerivedData/DesktopPets-emfrruwyvkefzddtxrhpwqyuiczy/Build/Intermediates.noindex/DesktopPets.build/Debug/DesktopPetsTests.build/DerivedSources/arm64 -Xcc -I/Users/didi/Library/Developer/Xcode/DerivedData/DesktopPets-emfrruwyvkefzddtxrhpwqyuiczy/Build/Intermediates.noindex/DesktopPets.build/Debug/DesktopPetsTests.build/DerivedSources -Xcc -DDEBUG\=1 -emit-objc-header -emit-objc-header-path /Users/didi/Library/Developer/Xcode/DerivedData/DesktopPets-emfrruwyvkefzddtxrhpwqyuiczy/Build/Intermediates.noindex/DesktopPets.build/Debug/DesktopPetsTests.build/Objects-normal/arm64/DesktopPetsTests-Swift.h -working-directory /Users/didi/workspace/own-proj/desktop-pets -experimental-emit-module-separately -disable-cmo

SwiftCompile normal arm64 Compiling\ PowerStateManager.swift /Users/didi/workspace/own-proj/desktop-pets/DesktopPets/Managers/PowerStateManager.swift (in target 'DesktopPets' from project 'DesktopPets')

SwiftCompile normal arm64 /Users/didi/workspace/own-proj/desktop-pets/DesktopPets/Managers/PowerStateManager.swift (in target 'DesktopPets' from project 'DesktopPets')
    cd /Users/didi/workspace/own-proj/desktop-pets
    

SwiftCompile normal arm64 Compiling\ PowerStateManagerTests.swift /Users/didi/workspace/own-proj/desktop-pets/DesktopPetsTests/PowerStateManagerTests.swift (in target 'DesktopPetsTests' from project 'DesktopPets')

SwiftCompile normal arm64 /Users/didi/workspace/own-proj/desktop-pets/DesktopPetsTests/PowerStateManagerTests.swift (in target 'DesktopPetsTests' from project 'DesktopPets')
    cd /Users/didi/workspace/own-proj/desktop-pets
    

SwiftEmitModule normal arm64 Emitting\ module\ for\ DesktopPetsTests (in target 'DesktopPetsTests' from project 'DesktopPets')

SwiftCompile normal arm64 /Users/didi/workspace/own-proj/desktop-pets/DesktopPetsTests/PowerStateManagerTests.swift (in target 'DesktopPetsTests' from project 'DesktopPets')
    cd /Users/didi/workspace/own-proj/desktop-pets
    

SwiftDriverJobDiscovery normal arm64 Compiling PowerStateManagerTests.swift (in target 'DesktopPetsTests' from project 'DesktopPets')

SwiftDriver\ Compilation DesktopPetsTests normal arm64 com.apple.xcode.tools.swift.compiler (in target 'DesktopPetsTests' from project 'DesktopPets')
    cd /Users/didi/workspace/own-proj/desktop-pets
    builtin-Swift-Compilation -- /Applications/Xcode.app/Contents/Developer/Toolchains/XcodeDefault.xctoolchain/usr/bin/swiftc -module-name DesktopPetsTests -Onone -enforce-exclusivity\=checked @/Users/didi/Library/Developer/Xcode/DerivedData/DesktopPets-emfrruwyvkefzddtxrhpwqyuiczy/Build/Intermediates.noindex/DesktopPets.build/Debug/DesktopPetsTests.build/Objects-normal/arm64/DesktopPetsTests.SwiftFileList -DDEBUG -plugin-path /Applications/Xcode.app/Contents/Developer/Toolchains/XcodeDefault.xctoolchain/usr/lib/swift/host/plugins/testing -enable-bare-slash-regex -enable-experimental-feature DebugDescriptionMacro -sdk /Applications/Xcode.app/Contents/Developer/Platforms/MacOSX.platform/Developer/SDKs/MacOSX15.4.sdk -target arm64-apple-macos14.0 -g -module-cache-path /Users/didi/Library/Developer/Xcode/DerivedData/ModuleCache.noindex -Xfrontend -serialize-debugging-options -profile-coverage-mapping -profile-generate -enable-testing -index-store-path /Users/didi/Library/Developer/Xcode/DerivedData/DesktopPets-emfrruwyvkefzddtxrhpwqyuiczy/Index.noindex/DataStore -swift-version 5 -I /Users/didi/Library/Developer/Xcode/DerivedData/DesktopPets-emfrruwyvkefzddtxrhpwqyuiczy/Build/Products/Debug -I /Applications/Xcode.app/Contents/Developer/Platforms/MacOSX.platform/Developer/usr/lib -F /Users/didi/Library/Developer/Xcode/DerivedData/DesktopPets-emfrruwyvkefzddtxrhpwqyuiczy/Build/Products/Debug -F /Applications/Xcode.app/Contents/Developer/Platforms/MacOSX.platform/Developer/Library/Frameworks -parse-as-library -c -j8 -enable-batch-mode -incremental -Xcc -ivfsstatcache -Xcc /Users/didi/Library/Developer/Xcode/DerivedData/SDKStatCaches.noindex/macosx15.4-24E241-88b860576fb364319593bd8fb30666b0.sdkstatcache -output-file-map /Users/didi/Library/Developer/Xcode/DerivedData/DesktopPets-emfrruwyvkefzddtxrhpwqyuiczy/Build/Intermediates.noindex/DesktopPets.build/Debug/DesktopPetsTests.build/Objects-normal/arm64/DesktopPetsTests-OutputFileMap.json -use-frontend-parseable-output -save-temps -no-color-diagnostics -serialize-diagnostics -emit-dependencies -emit-module -emit-module-path /Users/didi/Library/Developer/Xcode/DerivedData/DesktopPets-emfrruwyvkefzddtxrhpwqyuiczy/Build/Intermediates.noindex/DesktopPets.build/Debug/DesktopPetsTests.build/Objects-normal/arm64/DesktopPetsTests.swiftmodule -validate-clang-modules-once -clang-build-session-file /Users/didi/Library/Developer/Xcode/DerivedData/ModuleCache.noindex/Session.modulevalidation -Xcc -I/Users/didi/Library/Developer/Xcode/DerivedData/DesktopPets-emfrruwyvkefzddtxrhpwqyuiczy/Build/Intermediates.noindex/DesktopPets.build/Debug/DesktopPetsTests.build/swift-overrides.hmap -emit-const-values -Xfrontend -const-gather-protocols-file -Xfrontend /Users/didi/Library/Developer/Xcode/DerivedData/DesktopPets-emfrruwyvkefzddtxrhpwqyuiczy/Build/Intermediates.noindex/DesktopPets.build/Debug/DesktopPetsTests.build/Objects-normal/arm64/DesktopPetsTests_const_extract_protocols.json -Xcc -iquote -Xcc /Users/didi/Library/Developer/Xcode/DerivedData/DesktopPets-emfrruwyvkefzddtxrhpwqyuiczy/Build/Intermediates.noindex/DesktopPets.build/Debug/DesktopPetsTests.build/DesktopPetsTests-generated-files.hmap -Xcc -I/Users/didi/Library/Developer/Xcode/DerivedData/DesktopPets-emfrruwyvkefzddtxrhpwqyuiczy/Build/Intermediates.noindex/DesktopPets.build/Debug/DesktopPetsTests.build/DesktopPetsTests-own-target-headers.hmap -Xcc -I/Users/didi/Library/Developer/Xcode/DerivedData/DesktopPets-emfrruwyvkefzddtxrhpwqyuiczy/Build/Intermediates.noindex/DesktopPets.build/Debug/DesktopPetsTests.build/DesktopPetsTests-all-target-headers.hmap -Xcc -iquote -Xcc /Users/didi/Library/Developer/Xcode/DerivedData/DesktopPets-emfrruwyvkefzddtxrhpwqyuiczy/Build/Intermediates.noindex/DesktopPets.build/Debug/DesktopPetsTests.build/DesktopPetsTests-project-headers.hmap -Xcc -I/Users/didi/Library/Developer/Xcode/DerivedData/DesktopPets-emfrruwyvkefzddtxrhpwqyuiczy/Build/Products/Debug/include -Xcc -I/Users/didi/Library/Developer/Xcode/DerivedData/DesktopPets-emfrruwyvkefzddtxrhpwqyuiczy/Build/Intermediates.noindex/DesktopPets.build/Debug/DesktopPetsTests.build/DerivedSources-normal/arm64 -Xcc -I/Users/didi/Library/Developer/Xcode/DerivedData/DesktopPets-emfrruwyvkefzddtxrhpwqyuiczy/Build/Intermediates.noindex/DesktopPets.build/Debug/DesktopPetsTests.build/DerivedSources/arm64 -Xcc -I/Users/didi/Library/Developer/Xcode/DerivedData/DesktopPets-emfrruwyvkefzddtxrhpwqyuiczy/Build/Intermediates.noindex/DesktopPets.build/Debug/DesktopPetsTests.build/DerivedSources -Xcc -DDEBUG\=1 -emit-objc-header -emit-objc-header-path /Users/didi/Library/Developer/Xcode/DerivedData/DesktopPets-emfrruwyvkefzddtxrhpwqyuiczy/Build/Intermediates.noindex/DesktopPets.build/Debug/DesktopPetsTests.build/Objects-normal/arm64/DesktopPetsTests-Swift.h -working-directory /Users/didi/workspace/own-proj/desktop-pets -experimental-emit-module-separately -disable-cmo

SwiftDriverJobDiscovery normal arm64 Emitting module for DesktopPetsTests (in target 'DesktopPetsTests' from project 'DesktopPets')

SwiftDriver\ Compilation\ Requirements DesktopPetsTests normal arm64 com.apple.xcode.tools.swift.compiler (in target 'DesktopPetsTests' from project 'DesktopPets')
    cd /Users/didi/workspace/own-proj/desktop-pets
    builtin-Swift-Compilation-Requirements -- /Applications/Xcode.app/Contents/Developer/Toolchains/XcodeDefault.xctoolchain/usr/bin/swiftc -module-name DesktopPetsTests -Onone -enforce-exclusivity\=checked @/Users/didi/Library/Developer/Xcode/DerivedData/DesktopPets-emfrruwyvkefzddtxrhpwqyuiczy/Build/Intermediates.noindex/DesktopPets.build/Debug/DesktopPetsTests.build/Objects-normal/arm64/DesktopPetsTests.SwiftFileList -DDEBUG -plugin-path /Applications/Xcode.app/Contents/Developer/Toolchains/XcodeDefault.xctoolchain/usr/lib/swift/host/plugins/testing -enable-bare-slash-regex -enable-experimental-feature DebugDescriptionMacro -sdk /Applications/Xcode.app/Contents/Developer/Platforms/MacOSX.platform/Developer/SDKs/MacOSX15.4.sdk -target arm64-apple-macos14.0 -g -module-cache-path /Users/didi/Library/Developer/Xcode/DerivedData/ModuleCache.noindex -Xfrontend -serialize-debugging-options -profile-coverage-mapping -profile-generate -enable-testing -index-store-path /Users/didi/Library/Developer/Xcode/DerivedData/DesktopPets-emfrruwyvkefzddtxrhpwqyuiczy/Index.noindex/DataStore -swift-version 5 -I /Users/didi/Library/Developer/Xcode/DerivedData/DesktopPets-emfrruwyvkefzddtxrhpwqyuiczy/Build/Products/Debug -I /Applications/Xcode.app/Contents/Developer/Platforms/MacOSX.platform/Developer/usr/lib -F /Users/didi/Library/Developer/Xcode/DerivedData/DesktopPets-emfrruwyvkefzddtxrhpwqyuiczy/Build/Products/Debug -F /Applications/Xcode.app/Contents/Developer/Platforms/MacOSX.platform/Developer/Library/Frameworks -parse-as-library -c -j8 -enable-batch-mode -incremental -Xcc -ivfsstatcache -Xcc /Users/didi/Library/Developer/Xcode/DerivedData/SDKStatCaches.noindex/macosx15.4-24E241-88b860576fb364319593bd8fb30666b0.sdkstatcache -output-file-map /Users/didi/Library/Developer/Xcode/DerivedData/DesktopPets-emfrruwyvkefzddtxrhpwqyuiczy/Build/Intermediates.noindex/DesktopPets.build/Debug/DesktopPetsTests.build/Objects-normal/arm64/DesktopPetsTests-OutputFileMap.json -use-frontend-parseable-output -save-temps -no-color-diagnostics -serialize-diagnostics -emit-dependencies -emit-module -emit-module-path /Users/didi/Library/Developer/Xcode/DerivedData/DesktopPets-emfrruwyvkefzddtxrhpwqyuiczy/Build/Intermediates.noindex/DesktopPets.build/Debug/DesktopPetsTests.build/Objects-normal/arm64/DesktopPetsTests.swiftmodule -validate-clang-modules-once -clang-build-session-file /Users/didi/Library/Developer/Xcode/DerivedData/ModuleCache.noindex/Session.modulevalidation -Xcc -I/Users/didi/Library/Developer/Xcode/DerivedData/DesktopPets-emfrruwyvkefzddtxrhpwqyuiczy/Build/Intermediates.noindex/DesktopPets.build/Debug/DesktopPetsTests.build/swift-overrides.hmap -emit-const-values -Xfrontend -const-gather-protocols-file -Xfrontend /Users/didi/Library/Developer/Xcode/DerivedData/DesktopPets-emfrruwyvkefzddtxrhpwqyuiczy/Build/Intermediates.noindex/DesktopPets.build/Debug/DesktopPetsTests.build/Objects-normal/arm64/DesktopPetsTests_const_extract_protocols.json -Xcc -iquote -Xcc /Users/didi/Library/Developer/Xcode/DerivedData/DesktopPets-emfrruwyvkefzddtxrhpwqyuiczy/Build/Intermediates.noindex/DesktopPets.build/Debug/DesktopPetsTests.build/DesktopPetsTests-generated-files.hmap -Xcc -I/Users/didi/Library/Developer/Xcode/DerivedData/DesktopPets-emfrruwyvkefzddtxrhpwqyuiczy/Build/Intermediates.noindex/DesktopPets.build/Debug/DesktopPetsTests.build/DesktopPetsTests-own-target-headers.hmap -Xcc -I/Users/didi/Library/Developer/Xcode/DerivedData/DesktopPets-emfrruwyvkefzddtxrhpwqyuiczy/Build/Intermediates.noindex/DesktopPets.build/Debug/DesktopPetsTests.build/DesktopPetsTests-all-target-headers.hmap -Xcc -iquote -Xcc /Users/didi/Library/Developer/Xcode/DerivedData/DesktopPets-emfrruwyvkefzddtxrhpwqyuiczy/Build/Intermediates.noindex/DesktopPets.build/Debug/DesktopPetsTests.build/DesktopPetsTests-project-headers.hmap -Xcc -I/Users/didi/Library/Developer/Xcode/DerivedData/DesktopPets-emfrruwyvkefzddtxrhpwqyuiczy/Build/Products/Debug/include -Xcc -I/Users/didi/Library/Developer/Xcode/DerivedData/DesktopPets-emfrruwyvkefzddtxrhpwqyuiczy/Build/Intermediates.noindex/DesktopPets.build/Debug/DesktopPetsTests.build/DerivedSources-normal/arm64 -Xcc -I/Users/didi/Library/Developer/Xcode/DerivedData/DesktopPets-emfrruwyvkefzddtxrhpwqyuiczy/Build/Intermediates.noindex/DesktopPets.build/Debug/DesktopPetsTests.build/DerivedSources/arm64 -Xcc -I/Users/didi/Library/Developer/Xcode/DerivedData/DesktopPets-emfrruwyvkefzddtxrhpwqyuiczy/Build/Intermediates.noindex/DesktopPets.build/Debug/DesktopPetsTests.build/DerivedSources -Xcc -DDEBUG\=1 -emit-objc-header -emit-objc-header-path /Users/didi/Library/Developer/Xcode/DerivedData/DesktopPets-emfrruwyvkefzddtxrhpwqyuiczy/Build/Intermediates.noindex/DesktopPets.build/Debug/DesktopPetsTests.build/Objects-normal/arm64/DesktopPetsTests-Swift.h -working-directory /Users/didi/workspace/own-proj/desktop-pets -experimental-emit-module-separately -disable-cmo

Copy /Users/didi/Library/Developer/Xcode/DerivedData/DesktopPets-emfrruwyvkefzddtxrhpwqyuiczy/Build/Products/Debug/DesktopPetsTests.swiftmodule/arm64-apple-macos.swiftmodule /Users/didi/Library/Developer/Xcode/DerivedData/DesktopPets-emfrruwyvkefzddtxrhpwqyuiczy/Build/Intermediates.noindex/DesktopPets.build/Debug/DesktopPetsTests.build/Objects-normal/arm64/DesktopPetsTests.swiftmodule (in target 'DesktopPetsTests' from project 'DesktopPets')
    cd /Users/didi/workspace/own-proj/desktop-pets
    builtin-copy -exclude .DS_Store -exclude CVS -exclude .svn -exclude .git -exclude .hg -resolve-src-symlinks -rename /Users/didi/Library/Developer/Xcode/DerivedData/DesktopPets-emfrruwyvkefzddtxrhpwqyuiczy/Build/Intermediates.noindex/DesktopPets.build/Debug/DesktopPetsTests.build/Objects-normal/arm64/DesktopPetsTests.swiftmodule /Users/didi/Library/Developer/Xcode/DerivedData/DesktopPets-emfrruwyvkefzddtxrhpwqyuiczy/Build/Products/Debug/DesktopPetsTests.swiftmodule/arm64-apple-macos.swiftmodule

Copy /Users/didi/Library/Developer/Xcode/DerivedData/DesktopPets-emfrruwyvkefzddtxrhpwqyuiczy/Build/Products/Debug/DesktopPetsTests.swiftmodule/arm64-apple-macos.abi.json /Users/didi/Library/Developer/Xcode/DerivedData/DesktopPets-emfrruwyvkefzddtxrhpwqyuiczy/Build/Intermediates.noindex/DesktopPets.build/Debug/DesktopPetsTests.build/Objects-normal/arm64/DesktopPetsTests.abi.json (in target 'DesktopPetsTests' from project 'DesktopPets')
    cd /Users/didi/workspace/own-proj/desktop-pets
    builtin-copy -exclude .DS_Store -exclude CVS -exclude .svn -exclude .git -exclude .hg -resolve-src-symlinks -rename /Users/didi/Library/Developer/Xcode/DerivedData/DesktopPets-emfrruwyvkefzddtxrhpwqyuiczy/Build/Intermediates.noindex/DesktopPets.build/Debug/DesktopPetsTests.build/Objects-normal/arm64/DesktopPetsTests.abi.json /Users/didi/Library/Developer/Xcode/DerivedData/DesktopPets-emfrruwyvkefzddtxrhpwqyuiczy/Build/Products/Debug/DesktopPetsTests.swiftmodule/arm64-apple-macos.abi.json

Copy /Users/didi/Library/Developer/Xcode/DerivedData/DesktopPets-emfrruwyvkefzddtxrhpwqyuiczy/Build/Products/Debug/DesktopPetsTests.swiftmodule/Project/arm64-apple-macos.swiftsourceinfo /Users/didi/Library/Developer/Xcode/DerivedData/DesktopPets-emfrruwyvkefzddtxrhpwqyuiczy/Build/Intermediates.noindex/DesktopPets.build/Debug/DesktopPetsTests.build/Objects-normal/arm64/DesktopPetsTests.swiftsourceinfo (in target 'DesktopPetsTests' from project 'DesktopPets')
    cd /Users/didi/workspace/own-proj/desktop-pets
    builtin-copy -exclude .DS_Store -exclude CVS -exclude .svn -exclude .git -exclude .hg -resolve-src-symlinks -rename /Users/didi/Library/Developer/Xcode/DerivedData/DesktopPets-emfrruwyvkefzddtxrhpwqyuiczy/Build/Intermediates.noindex/DesktopPets.build/Debug/DesktopPetsTests.build/Objects-normal/arm64/DesktopPetsTests.swiftsourceinfo /Users/didi/Library/Developer/Xcode/DerivedData/DesktopPets-emfrruwyvkefzddtxrhpwqyuiczy/Build/Products/Debug/DesktopPetsTests.swiftmodule/Project/arm64-apple-macos.swiftsourceinfo

SwiftDriverJobDiscovery normal arm64 Compiling PowerStateManager.swift (in target 'DesktopPets' from project 'DesktopPets')

SwiftDriver\ Compilation DesktopPets normal arm64 com.apple.xcode.tools.swift.compiler (in target 'DesktopPets' from project 'DesktopPets')
    cd /Users/didi/workspace/own-proj/desktop-pets
    builtin-Swift-Compilation -- /Applications/Xcode.app/Contents/Developer/Toolchains/XcodeDefault.xctoolchain/usr/bin/swiftc -module-name DesktopPets -Onone -enforce-exclusivity\=checked @/Users/didi/Library/Developer/Xcode/DerivedData/DesktopPets-emfrruwyvkefzddtxrhpwqyuiczy/Build/Intermediates.noindex/DesktopPets.build/Debug/DesktopPets.build/Objects-normal/arm64/DesktopPets.SwiftFileList -DDEBUG -enable-bare-slash-regex -enable-experimental-feature DebugDescriptionMacro -sdk /Applications/Xcode.app/Contents/Developer/Platforms/MacOSX.platform/Developer/SDKs/MacOSX15.4.sdk -target arm64-apple-macos14.0 -g -module-cache-path /Users/didi/Library/Developer/Xcode/DerivedData/ModuleCache.noindex -Xfrontend -serialize-debugging-options -profile-coverage-mapping -profile-generate -enable-testing -index-store-path /Users/didi/Library/Developer/Xcode/DerivedData/DesktopPets-emfrruwyvkefzddtxrhpwqyuiczy/Index.noindex/DataStore -swift-version 5 -I /Users/didi/Library/Developer/Xcode/DerivedData/DesktopPets-emfrruwyvkefzddtxrhpwqyuiczy/Build/Products/Debug -F /Users/didi/Library/Developer/Xcode/DerivedData/DesktopPets-emfrruwyvkefzddtxrhpwqyuiczy/Build/Products/Debug -c -j8 -enable-batch-mode -incremental -Xcc -ivfsstatcache -Xcc /Users/didi/Library/Developer/Xcode/DerivedData/SDKStatCaches.noindex/macosx15.4-24E241-88b860576fb364319593bd8fb30666b0.sdkstatcache -output-file-map /Users/didi/Library/Developer/Xcode/DerivedData/DesktopPets-emfrruwyvkefzddtxrhpwqyuiczy/Build/Intermediates.noindex/DesktopPets.build/Debug/DesktopPets.build/Objects-normal/arm64/DesktopPets-OutputFileMap.json -use-frontend-parseable-output -save-temps -no-color-diagnostics -serialize-diagnostics -emit-dependencies -emit-module -emit-module-path /Users/didi/Library/Developer/Xcode/DerivedData/DesktopPets-emfrruwyvkefzddtxrhpwqyuiczy/Build/Intermediates.noindex/DesktopPets.build/Debug/DesktopPets.build/Objects-normal/arm64/DesktopPets.swiftmodule -validate-clang-modules-once -clang-build-session-file /Users/didi/Library/Developer/Xcode/DerivedData/ModuleCache.noindex/Session.modulevalidation -Xcc -I/Users/didi/Library/Developer/Xcode/DerivedData/DesktopPets-emfrruwyvkefzddtxrhpwqyuiczy/Build/Intermediates.noindex/DesktopPets.build/Debug/DesktopPets.build/swift-overrides.hmap -emit-const-values -Xfrontend -const-gather-protocols-file -Xfrontend /Users/didi/Library/Developer/Xcode/DerivedData/DesktopPets-emfrruwyvkefzddtxrhpwqyuiczy/Build/Intermediates.noindex/DesktopPets.build/Debug/DesktopPets.build/Objects-normal/arm64/DesktopPets_const_extract_protocols.json -Xcc -iquote -Xcc /Users/didi/Library/Developer/Xcode/DerivedData/DesktopPets-emfrruwyvkefzddtxrhpwqyuiczy/Build/Intermediates.noindex/DesktopPets.build/Debug/DesktopPets.build/DesktopPets-generated-files.hmap -Xcc -I/Users/didi/Library/Developer/Xcode/DerivedData/DesktopPets-emfrruwyvkefzddtxrhpwqyuiczy/Build/Intermediates.noindex/DesktopPets.build/Debug/DesktopPets.build/DesktopPets-own-target-headers.hmap -Xcc -I/Users/didi/Library/Developer/Xcode/DerivedData/DesktopPets-emfrruwyvkefzddtxrhpwqyuiczy/Build/Intermediates.noindex/DesktopPets.build/Debug/DesktopPets.build/DesktopPets-all-target-headers.hmap -Xcc -iquote -Xcc /Users/didi/Library/Developer/Xcode/DerivedData/DesktopPets-emfrruwyvkefzddtxrhpwqyuiczy/Build/Intermediates.noindex/DesktopPets.build/Debug/DesktopPets.build/DesktopPets-project-headers.hmap -Xcc -I/Users/didi/Library/Developer/Xcode/DerivedData/DesktopPets-emfrruwyvkefzddtxrhpwqyuiczy/Build/Products/Debug/include -Xcc -I/Users/didi/Library/Developer/Xcode/DerivedData/DesktopPets-emfrruwyvkefzddtxrhpwqyuiczy/Build/Intermediates.noindex/DesktopPets.build/Debug/DesktopPets.build/DerivedSources-normal/arm64 -Xcc -I/Users/didi/Library/Developer/Xcode/DerivedData/DesktopPets-emfrruwyvkefzddtxrhpwqyuiczy/Build/Intermediates.noindex/DesktopPets.build/Debug/DesktopPets.build/DerivedSources/arm64 -Xcc -I/Users/didi/Library/Developer/Xcode/DerivedData/DesktopPets-emfrruwyvkefzddtxrhpwqyuiczy/Build/Intermediates.noindex/DesktopPets.build/Debug/DesktopPets.build/DerivedSources -Xcc -DDEBUG\=1 -emit-objc-header -emit-objc-header-path /Users/didi/Library/Developer/Xcode/DerivedData/DesktopPets-emfrruwyvkefzddtxrhpwqyuiczy/Build/Intermediates.noindex/DesktopPets.build/Debug/DesktopPets.build/Objects-normal/arm64/DesktopPets-Swift.h -working-directory /Users/didi/workspace/own-proj/desktop-pets -experimental-emit-module-separately -disable-cmo

Ld /Users/didi/Library/Developer/Xcode/DerivedData/DesktopPets-emfrruwyvkefzddtxrhpwqyuiczy/Build/Products/Debug/DesktopPets.app/Contents/MacOS/DesktopPets.debug.dylib normal (in target 'DesktopPets' from project 'DesktopPets')
    cd /Users/didi/workspace/own-proj/desktop-pets
    /Applications/Xcode.app/Contents/Developer/Toolchains/XcodeDefault.xctoolchain/usr/bin/clang -Xlinker -reproducible -target arm64-apple-macos14.0 -dynamiclib -isysroot /Applications/Xcode.app/Contents/Developer/Platforms/MacOSX.platform/Developer/SDKs/MacOSX15.4.sdk -O0 -L/Users/didi/Library/Developer/Xcode/DerivedData/DesktopPets-emfrruwyvkefzddtxrhpwqyuiczy/Build/Intermediates.noindex/EagerLinkingTBDs/Debug -L/Users/didi/Library/Developer/Xcode/DerivedData/DesktopPets-emfrruwyvkefzddtxrhpwqyuiczy/Build/Products/Debug -F/Users/didi/Library/Developer/Xcode/DerivedData/DesktopPets-emfrruwyvkefzddtxrhpwqyuiczy/Build/Intermediates.noindex/EagerLinkingTBDs/Debug -F/Users/didi/Library/Developer/Xcode/DerivedData/DesktopPets-emfrruwyvkefzddtxrhpwqyuiczy/Build/Products/Debug -filelist /Users/didi/Library/Developer/Xcode/DerivedData/DesktopPets-emfrruwyvkefzddtxrhpwqyuiczy/Build/Intermediates.noindex/DesktopPets.build/Debug/DesktopPets.build/Objects-normal/arm64/DesktopPets.LinkFileList -install_name @rpath/DesktopPets.debug.dylib -Xlinker -rpath -Xlinker @executable_path/../Frameworks -Xlinker -object_path_lto -Xlinker /Users/didi/Library/Developer/Xcode/DerivedData/DesktopPets-emfrruwyvkefzddtxrhpwqyuiczy/Build/Intermediates.noindex/DesktopPets.build/Debug/DesktopPets.build/Objects-normal/arm64/DesktopPets_lto.o -rdynamic -Xlinker -no_deduplicate -Xlinker -debug_variant -Xlinker -dependency_info -Xlinker /Users/didi/Library/Developer/Xcode/DerivedData/DesktopPets-emfrruwyvkefzddtxrhpwqyuiczy/Build/Intermediates.noindex/DesktopPets.build/Debug/DesktopPets.build/Objects-normal/arm64/DesktopPets_dependency_info.dat -fobjc-link-runtime -fprofile-instr-generate -L/Applications/Xcode.app/Contents/Developer/Toolchains/XcodeDefault.xctoolchain/usr/lib/swift/macosx -L/usr/lib/swift -Xlinker -add_ast_path -Xlinker /Users/didi/Library/Developer/Xcode/DerivedData/DesktopPets-emfrruwyvkefzddtxrhpwqyuiczy/Build/Intermediates.noindex/DesktopPets.build/Debug/DesktopPets.build/Objects-normal/arm64/DesktopPets.swiftmodule -Xlinker -alias -Xlinker _main -Xlinker ___debug_main_executable_dylib_entry_point -Xlinker -no_adhoc_codesign -o /Users/didi/Library/Developer/Xcode/DerivedData/DesktopPets-emfrruwyvkefzddtxrhpwqyuiczy/Build/Products/Debug/DesktopPets.app/Contents/MacOS/DesktopPets.debug.dylib

ConstructStubExecutorLinkFileList /Users/didi/Library/Developer/Xcode/DerivedData/DesktopPets-emfrruwyvkefzddtxrhpwqyuiczy/Build/Intermediates.noindex/DesktopPets.build/Debug/DesktopPets.build/DesktopPets-ExecutorLinkFileList-normal-arm64.txt (in target 'DesktopPets' from project 'DesktopPets')
    cd /Users/didi/workspace/own-proj/desktop-pets
    construct-stub-executor-link-file-list /Users/didi/Library/Developer/Xcode/DerivedData/DesktopPets-emfrruwyvkefzddtxrhpwqyuiczy/Build/Products/Debug/DesktopPets.app/Contents/MacOS/DesktopPets.debug.dylib /Applications/Xcode.app/Contents/Developer/Platforms/MacOSX.platform/Developer/usr/lib/libPreviewsJITStubExecutor_no_swift_entry_point.a /Applications/Xcode.app/Contents/Developer/Platforms/MacOSX.platform/Developer/usr/lib/libPreviewsJITStubExecutor.a --output /Users/didi/Library/Developer/Xcode/DerivedData/DesktopPets-emfrruwyvkefzddtxrhpwqyuiczy/Build/Intermediates.noindex/DesktopPets.build/Debug/DesktopPets.build/DesktopPets-ExecutorLinkFileList-normal-arm64.txt
note: Using stub executor library with Swift entry point. (in target 'DesktopPets' from project 'DesktopPets')

Ld /Users/didi/Library/Developer/Xcode/DerivedData/DesktopPets-emfrruwyvkefzddtxrhpwqyuiczy/Build/Products/Debug/DesktopPets.app/Contents/MacOS/DesktopPets normal (in target 'DesktopPets' from project 'DesktopPets')
    cd /Users/didi/workspace/own-proj/desktop-pets
    /Applications/Xcode.app/Contents/Developer/Toolchains/XcodeDefault.xctoolchain/usr/bin/clang -Xlinker -reproducible -target arm64-apple-macos14.0 -isysroot /Applications/Xcode.app/Contents/Developer/Platforms/MacOSX.platform/Developer/SDKs/MacOSX15.4.sdk -O0 -L/Users/didi/Library/Developer/Xcode/DerivedData/DesktopPets-emfrruwyvkefzddtxrhpwqyuiczy/Build/Products/Debug -F/Users/didi/Library/Developer/Xcode/DerivedData/DesktopPets-emfrruwyvkefzddtxrhpwqyuiczy/Build/Products/Debug -Xlinker -rpath -Xlinker @executable_path -Xlinker -rpath -Xlinker @executable_path/../Frameworks -rdynamic -Xlinker -no_deduplicate -Xlinker -debug_variant -e ___debug_blank_executor_main -Xlinker -sectcreate -Xlinker __TEXT -Xlinker __debug_dylib -Xlinker /Users/didi/Library/Developer/Xcode/DerivedData/DesktopPets-emfrruwyvkefzddtxrhpwqyuiczy/Build/Intermediates.noindex/DesktopPets.build/Debug/DesktopPets.build/DesktopPets-DebugDylibPath-normal-arm64.txt -Xlinker -sectcreate -Xlinker __TEXT -Xlinker __debug_instlnm -Xlinker /Users/didi/Library/Developer/Xcode/DerivedData/DesktopPets-emfrruwyvkefzddtxrhpwqyuiczy/Build/Intermediates.noindex/DesktopPets.build/Debug/DesktopPets.build/DesktopPets-DebugDylibInstallName-normal-arm64.txt -Xlinker -filelist -Xlinker /Users/didi/Library/Developer/Xcode/DerivedData/DesktopPets-emfrruwyvkefzddtxrhpwqyuiczy/Build/Intermediates.noindex/DesktopPets.build/Debug/DesktopPets.build/DesktopPets-ExecutorLinkFileList-normal-arm64.txt /Users/didi/Library/Developer/Xcode/DerivedData/DesktopPets-emfrruwyvkefzddtxrhpwqyuiczy/Build/Products/Debug/DesktopPets.app/Contents/MacOS/DesktopPets.debug.dylib -Xlinker -no_adhoc_codesign -o /Users/didi/Library/Developer/Xcode/DerivedData/DesktopPets-emfrruwyvkefzddtxrhpwqyuiczy/Build/Products/Debug/DesktopPets.app/Contents/MacOS/DesktopPets

ProcessInfoPlistFile /Users/didi/Library/Developer/Xcode/DerivedData/DesktopPets-emfrruwyvkefzddtxrhpwqyuiczy/Build/Products/Debug/DesktopPets.app/Contents/Info.plist /Users/didi/workspace/own-proj/desktop-pets/DesktopPets/Info.plist (in target 'DesktopPets' from project 'DesktopPets')
    cd /Users/didi/workspace/own-proj/desktop-pets
    builtin-infoPlistUtility /Users/didi/workspace/own-proj/desktop-pets/DesktopPets/Info.plist -producttype com.apple.product-type.application -genpkginfo /Users/didi/Library/Developer/Xcode/DerivedData/DesktopPets-emfrruwyvkefzddtxrhpwqyuiczy/Build/Products/Debug/DesktopPets.app/Contents/PkgInfo -expandbuildsettings -platform macosx -o /Users/didi/Library/Developer/Xcode/DerivedData/DesktopPets-emfrruwyvkefzddtxrhpwqyuiczy/Build/Products/Debug/DesktopPets.app/Contents/Info.plist

ExtractAppIntentsMetadata (in target 'DesktopPets' from project 'DesktopPets')
    cd /Users/didi/workspace/own-proj/desktop-pets
    /Applications/Xcode.app/Contents/Developer/Toolchains/XcodeDefault.xctoolchain/usr/bin/appintentsmetadataprocessor --toolchain-dir /Applications/Xcode.app/Contents/Developer/Toolchains/XcodeDefault.xctoolchain --module-name DesktopPets --sdk-root /Applications/Xcode.app/Contents/Developer/Platforms/MacOSX.platform/Developer/SDKs/MacOSX15.4.sdk --xcode-version 16E140 --platform-family macOS --deployment-target 14.0 --bundle-identifier com.example.DesktopPets --output /Users/didi/Library/Developer/Xcode/DerivedData/DesktopPets-emfrruwyvkefzddtxrhpwqyuiczy/Build/Products/Debug/DesktopPets.app/Contents/Resources --target-triple arm64-apple-macos14.0 --binary-file /Users/didi/Library/Developer/Xcode/DerivedData/DesktopPets-emfrruwyvkefzddtxrhpwqyuiczy/Build/Products/Debug/DesktopPets.app/Contents/MacOS/DesktopPets --dependency-file /Users/didi/Library/Developer/Xcode/DerivedData/DesktopPets-emfrruwyvkefzddtxrhpwqyuiczy/Build/Intermediates.noindex/DesktopPets.build/Debug/DesktopPets.build/Objects-normal/arm64/DesktopPets_dependency_info.dat --stringsdata-file /Users/didi/Library/Developer/Xcode/DerivedData/DesktopPets-emfrruwyvkefzddtxrhpwqyuiczy/Build/Intermediates.noindex/DesktopPets.build/Debug/DesktopPets.build/Objects-normal/arm64/ExtractedAppShortcutsMetadata.stringsdata --source-file-list /Users/didi/Library/Developer/Xcode/DerivedData/DesktopPets-emfrruwyvkefzddtxrhpwqyuiczy/Build/Intermediates.noindex/DesktopPets.build/Debug/DesktopPets.build/Objects-normal/arm64/DesktopPets.SwiftFileList --metadata-file-list /Users/didi/Library/Developer/Xcode/DerivedData/DesktopPets-emfrruwyvkefzddtxrhpwqyuiczy/Build/Intermediates.noindex/DesktopPets.build/Debug/DesktopPets.build/DesktopPets.DependencyMetadataFileList --static-metadata-file-list /Users/didi/Library/Developer/Xcode/DerivedData/DesktopPets-emfrruwyvkefzddtxrhpwqyuiczy/Build/Intermediates.noindex/DesktopPets.build/Debug/DesktopPets.build/DesktopPets.DependencyStaticMetadataFileList --swift-const-vals-list /Users/didi/Library/Developer/Xcode/DerivedData/DesktopPets-emfrruwyvkefzddtxrhpwqyuiczy/Build/Intermediates.noindex/DesktopPets.build/Debug/DesktopPets.build/Objects-normal/arm64/DesktopPets.SwiftConstValuesFileList --compile-time-extraction --deployment-aware-processing --validate-assistant-intents --no-app-shortcuts-localization
2026-06-29 09:31:49.743 appintentsmetadataprocessor[22988:10574470] Starting appintentsmetadataprocessor export
2026-06-29 09:31:49.745 appintentsmetadataprocessor[22988:10574470] warning: Metadata extraction skipped. No AppIntents.framework dependency found.

CopySwiftLibs /Users/didi/Library/Developer/Xcode/DerivedData/DesktopPets-emfrruwyvkefzddtxrhpwqyuiczy/Build/Products/Debug/DesktopPets.app (in target 'DesktopPets' from project 'DesktopPets')
    cd /Users/didi/workspace/own-proj/desktop-pets
    builtin-swiftStdLibTool --copy --verbose --sign - --scan-executable /Users/didi/Library/Developer/Xcode/DerivedData/DesktopPets-emfrruwyvkefzddtxrhpwqyuiczy/Build/Products/Debug/DesktopPets.app/Contents/MacOS/DesktopPets.debug.dylib --scan-folder /Users/didi/Library/Developer/Xcode/DerivedData/DesktopPets-emfrruwyvkefzddtxrhpwqyuiczy/Build/Products/Debug/DesktopPets.app/Contents/Frameworks --scan-folder /Users/didi/Library/Developer/Xcode/DerivedData/DesktopPets-emfrruwyvkefzddtxrhpwqyuiczy/Build/Products/Debug/DesktopPets.app/Contents/PlugIns --scan-folder /Users/didi/Library/Developer/Xcode/DerivedData/DesktopPets-emfrruwyvkefzddtxrhpwqyuiczy/Build/Products/Debug/DesktopPets.app/Contents/Library/SystemExtensions --scan-folder /Users/didi/Library/Developer/Xcode/DerivedData/DesktopPets-emfrruwyvkefzddtxrhpwqyuiczy/Build/Products/Debug/DesktopPets.app/Contents/Extensions --platform macosx --toolchain /Applications/Xcode.app/Contents/Developer/Toolchains/XcodeDefault.xctoolchain --destination /Users/didi/Library/Developer/Xcode/DerivedData/DesktopPets-emfrruwyvkefzddtxrhpwqyuiczy/Build/Products/Debug/DesktopPets.app/Contents/Frameworks --strip-bitcode --strip-bitcode-tool /Applications/Xcode.app/Contents/Developer/Toolchains/XcodeDefault.xctoolchain/usr/bin/bitcode_strip --emit-dependency-info /Users/didi/Library/Developer/Xcode/DerivedData/DesktopPets-emfrruwyvkefzddtxrhpwqyuiczy/Build/Intermediates.noindex/DesktopPets.build/Debug/DesktopPets.build/SwiftStdLibToolInputDependencies.dep --filter-for-swift-os

Ld /Users/didi/Library/Developer/Xcode/DerivedData/DesktopPets-emfrruwyvkefzddtxrhpwqyuiczy/Build/Products/Debug/DesktopPets.app/Contents/PlugIns/DesktopPetsTests.xctest/Contents/MacOS/DesktopPetsTests normal (in target 'DesktopPetsTests' from project 'DesktopPets')
    cd /Users/didi/workspace/own-proj/desktop-pets
    /Applications/Xcode.app/Contents/Developer/Toolchains/XcodeDefault.xctoolchain/usr/bin/clang -Xlinker -reproducible -target arm64-apple-macos14.0 -bundle -isysroot /Applications/Xcode.app/Contents/Developer/Platforms/MacOSX.platform/Developer/SDKs/MacOSX15.4.sdk -O0 -L/Users/didi/Library/Developer/Xcode/DerivedData/DesktopPets-emfrruwyvkefzddtxrhpwqyuiczy/Build/Intermediates.noindex/EagerLinkingTBDs/Debug -L/Users/didi/Library/Developer/Xcode/DerivedData/DesktopPets-emfrruwyvkefzddtxrhpwqyuiczy/Build/Products/Debug -L/Applications/Xcode.app/Contents/Developer/Platforms/MacOSX.platform/Developer/usr/lib -F/Users/didi/Library/Developer/Xcode/DerivedData/DesktopPets-emfrruwyvkefzddtxrhpwqyuiczy/Build/Intermediates.noindex/EagerLinkingTBDs/Debug -F/Users/didi/Library/Developer/Xcode/DerivedData/DesktopPets-emfrruwyvkefzddtxrhpwqyuiczy/Build/Products/Debug -iframework /Applications/Xcode.app/Contents/Developer/Platforms/MacOSX.platform/Developer/Library/Frameworks -filelist /Users/didi/Library/Developer/Xcode/DerivedData/DesktopPets-emfrruwyvkefzddtxrhpwqyuiczy/Build/Intermediates.noindex/DesktopPets.build/Debug/DesktopPetsTests.build/Objects-normal/arm64/DesktopPetsTests.LinkFileList -Xlinker -rpath -Xlinker @loader_path/../Frameworks -Xlinker -rpath -Xlinker @executable_path/../Frameworks -bundle_loader /Users/didi/Library/Developer/Xcode/DerivedData/DesktopPets-emfrruwyvkefzddtxrhpwqyuiczy/Build/Products/Debug/DesktopPets.app/Contents/MacOS/DesktopPets -Xlinker -object_path_lto -Xlinker /Users/didi/Library/Developer/Xcode/DerivedData/DesktopPets-emfrruwyvkefzddtxrhpwqyuiczy/Build/Intermediates.noindex/DesktopPets.build/Debug/DesktopPetsTests.build/Objects-normal/arm64/DesktopPetsTests_lto.o -rdynamic -Xlinker -no_deduplicate -Xlinker -debug_variant -Xlinker -dependency_info -Xlinker /Users/didi/Library/Developer/Xcode/DerivedData/DesktopPets-emfrruwyvkefzddtxrhpwqyuiczy/Build/Intermediates.noindex/DesktopPets.build/Debug/DesktopPetsTests.build/Objects-normal/arm64/DesktopPetsTests_dependency_info.dat -fobjc-link-runtime -fprofile-instr-generate -L/Applications/Xcode.app/Contents/Developer/Toolchains/XcodeDefault.xctoolchain/usr/lib/swift/macosx -L/usr/lib/swift -Xlinker -add_ast_path -Xlinker /Users/didi/Library/Developer/Xcode/DerivedData/DesktopPets-emfrruwyvkefzddtxrhpwqyuiczy/Build/Intermediates.noindex/DesktopPets.build/Debug/DesktopPetsTests.build/Objects-normal/arm64/DesktopPetsTests.swiftmodule -framework XCTest -lXCTestSwiftSupport /Users/didi/Library/Developer/Xcode/DerivedData/DesktopPets-emfrruwyvkefzddtxrhpwqyuiczy/Build/Products/Debug/DesktopPets.app/Contents/MacOS/DesktopPets.debug.dylib -Xlinker -no_adhoc_codesign -o /Users/didi/Library/Developer/Xcode/DerivedData/DesktopPets-emfrruwyvkefzddtxrhpwqyuiczy/Build/Products/Debug/DesktopPets.app/Contents/PlugIns/DesktopPetsTests.xctest/Contents/MacOS/DesktopPetsTests

ExtractAppIntentsMetadata (in target 'DesktopPetsTests' from project 'DesktopPets')
    cd /Users/didi/workspace/own-proj/desktop-pets
    /Applications/Xcode.app/Contents/Developer/Toolchains/XcodeDefault.xctoolchain/usr/bin/appintentsmetadataprocessor --toolchain-dir /Applications/Xcode.app/Contents/Developer/Toolchains/XcodeDefault.xctoolchain --module-name DesktopPetsTests --sdk-root /Applications/Xcode.app/Contents/Developer/Platforms/MacOSX.platform/Developer/SDKs/MacOSX15.4.sdk --xcode-version 16E140 --platform-family macOS --deployment-target 14.0 --bundle-identifier com.example.DesktopPetsTests --output /Users/didi/Library/Developer/Xcode/DerivedData/DesktopPets-emfrruwyvkefzddtxrhpwqyuiczy/Build/Products/Debug/DesktopPets.app/Contents/PlugIns/DesktopPetsTests.xctest/Contents/Resources --target-triple arm64-apple-macos14.0 --binary-file /Users/didi/Library/Developer/Xcode/DerivedData/DesktopPets-emfrruwyvkefzddtxrhpwqyuiczy/Build/Products/Debug/DesktopPets.app/Contents/PlugIns/DesktopPetsTests.xctest/Contents/MacOS/DesktopPetsTests --dependency-file /Users/didi/Library/Developer/Xcode/DerivedData/DesktopPets-emfrruwyvkefzddtxrhpwqyuiczy/Build/Intermediates.noindex/DesktopPets.build/Debug/DesktopPetsTests.build/Objects-normal/arm64/DesktopPetsTests_dependency_info.dat --stringsdata-file /Users/didi/Library/Developer/Xcode/DerivedData/DesktopPets-emfrruwyvkefzddtxrhpwqyuiczy/Build/Intermediates.noindex/DesktopPets.build/Debug/DesktopPetsTests.build/Objects-normal/arm64/ExtractedAppShortcutsMetadata.stringsdata --source-file-list /Users/didi/Library/Developer/Xcode/DerivedData/DesktopPets-emfrruwyvkefzddtxrhpwqyuiczy/Build/Intermediates.noindex/DesktopPets.build/Debug/DesktopPetsTests.build/Objects-normal/arm64/DesktopPetsTests.SwiftFileList --metadata-file-list /Users/didi/Library/Developer/Xcode/DerivedData/DesktopPets-emfrruwyvkefzddtxrhpwqyuiczy/Build/Intermediates.noindex/DesktopPets.build/Debug/DesktopPetsTests.build/DesktopPetsTests.DependencyMetadataFileList --static-metadata-file-list /Users/didi/Library/Developer/Xcode/DerivedData/DesktopPets-emfrruwyvkefzddtxrhpwqyuiczy/Build/Intermediates.noindex/DesktopPets.build/Debug/DesktopPetsTests.build/DesktopPetsTests.DependencyStaticMetadataFileList --swift-const-vals-list /Users/didi/Library/Developer/Xcode/DerivedData/DesktopPets-emfrruwyvkefzddtxrhpwqyuiczy/Build/Intermediates.noindex/DesktopPets.build/Debug/DesktopPetsTests.build/Objects-normal/arm64/DesktopPetsTests.SwiftConstValuesFileList --compile-time-extraction --deployment-aware-processing --validate-assistant-intents --no-app-shortcuts-localization
2026-06-29 09:31:49.984 appintentsmetadataprocessor[22991:10574482] Starting appintentsmetadataprocessor export
2026-06-29 09:31:49.985 appintentsmetadataprocessor[22991:10574482] warning: Metadata extraction skipped. No AppIntents.framework dependency found.

CopySwiftLibs /Users/didi/Library/Developer/Xcode/DerivedData/DesktopPets-emfrruwyvkefzddtxrhpwqyuiczy/Build/Products/Debug/DesktopPets.app/Contents/PlugIns/DesktopPetsTests.xctest (in target 'DesktopPetsTests' from project 'DesktopPets')
    cd /Users/didi/workspace/own-proj/desktop-pets
    builtin-swiftStdLibTool --copy --verbose --sign - --scan-executable /Users/didi/Library/Developer/Xcode/DerivedData/DesktopPets-emfrruwyvkefzddtxrhpwqyuiczy/Build/Products/Debug/DesktopPets.app/Contents/PlugIns/DesktopPetsTests.xctest/Contents/MacOS/DesktopPetsTests --scan-folder /Users/didi/Library/Developer/Xcode/DerivedData/DesktopPets-emfrruwyvkefzddtxrhpwqyuiczy/Build/Products/Debug/DesktopPets.app/Contents/PlugIns/DesktopPetsTests.xctest/Contents/Frameworks --scan-folder /Users/didi/Library/Developer/Xcode/DerivedData/DesktopPets-emfrruwyvkefzddtxrhpwqyuiczy/Build/Products/Debug/DesktopPets.app/Contents/PlugIns/DesktopPetsTests.xctest/Contents/PlugIns --scan-folder /Users/didi/Library/Developer/Xcode/DerivedData/DesktopPets-emfrruwyvkefzddtxrhpwqyuiczy/Build/Products/Debug/DesktopPets.app/Contents/PlugIns/DesktopPetsTests.xctest/Contents/Library/SystemExtensions --scan-folder /Users/didi/Library/Developer/Xcode/DerivedData/DesktopPets-emfrruwyvkefzddtxrhpwqyuiczy/Build/Products/Debug/DesktopPets.app/Contents/PlugIns/DesktopPetsTests.xctest/Contents/Extensions --platform macosx --toolchain /Applications/Xcode.app/Contents/Developer/Toolchains/XcodeDefault.xctoolchain --destination /Users/didi/Library/Developer/Xcode/DerivedData/DesktopPets-emfrruwyvkefzddtxrhpwqyuiczy/Build/Products/Debug/DesktopPets.app/Contents/PlugIns/DesktopPetsTests.xctest/Contents/Frameworks --strip-bitcode --scan-executable /Applications/Xcode.app/Contents/Developer/Platforms/MacOSX.platform/Developer/usr/lib/libXCTestSwiftSupport.dylib --strip-bitcode-tool /Applications/Xcode.app/Contents/Developer/Toolchains/XcodeDefault.xctoolchain/usr/bin/bitcode_strip --emit-dependency-info /Users/didi/Library/Developer/Xcode/DerivedData/DesktopPets-emfrruwyvkefzddtxrhpwqyuiczy/Build/Intermediates.noindex/DesktopPets.build/Debug/DesktopPetsTests.build/SwiftStdLibToolInputDependencies.dep --filter-for-swift-os

ProcessInfoPlistFile /Users/didi/Library/Developer/Xcode/DerivedData/DesktopPets-emfrruwyvkefzddtxrhpwqyuiczy/Build/Products/Debug/DesktopPets.app/Contents/PlugIns/DesktopPetsTests.xctest/Contents/Info.plist /Users/didi/Library/Developer/Xcode/DerivedData/DesktopPets-emfrruwyvkefzddtxrhpwqyuiczy/Build/Intermediates.noindex/DesktopPets.build/Debug/DesktopPetsTests.build/empty-DesktopPetsTests.plist (in target 'DesktopPetsTests' from project 'DesktopPets')
    cd /Users/didi/workspace/own-proj/desktop-pets
    builtin-infoPlistUtility /Users/didi/Library/Developer/Xcode/DerivedData/DesktopPets-emfrruwyvkefzddtxrhpwqyuiczy/Build/Intermediates.noindex/DesktopPets.build/Debug/DesktopPetsTests.build/empty-DesktopPetsTests.plist -producttype com.apple.product-type.bundle.unit-test -expandbuildsettings -platform macosx -o /Users/didi/Library/Developer/Xcode/DerivedData/DesktopPets-emfrruwyvkefzddtxrhpwqyuiczy/Build/Products/Debug/DesktopPets.app/Contents/PlugIns/DesktopPetsTests.xctest/Contents/Info.plist

CodeSign /Users/didi/Library/Developer/Xcode/DerivedData/DesktopPets-emfrruwyvkefzddtxrhpwqyuiczy/Build/Products/Debug/DesktopPets.app/Contents/PlugIns/DesktopPetsTests.xctest (in target 'DesktopPetsTests' from project 'DesktopPets')
    cd /Users/didi/workspace/own-proj/desktop-pets
    
    Signing Identity:     "Sign to Run Locally"
    
    /usr/bin/codesign --force --sign - --timestamp\=none --generate-entitlement-der /Users/didi/Library/Developer/Xcode/DerivedData/DesktopPets-emfrruwyvkefzddtxrhpwqyuiczy/Build/Products/Debug/DesktopPets.app/Contents/PlugIns/DesktopPetsTests.xctest

CodeSign /Users/didi/Library/Developer/Xcode/DerivedData/DesktopPets-emfrruwyvkefzddtxrhpwqyuiczy/Build/Products/Debug/DesktopPets.app/Contents/MacOS/DesktopPets.debug.dylib (in target 'DesktopPets' from project 'DesktopPets')
    cd /Users/didi/workspace/own-proj/desktop-pets
    
    Signing Identity:     "Sign to Run Locally"
    
    /usr/bin/codesign --force --sign - --timestamp\=none --generate-entitlement-der /Users/didi/Library/Developer/Xcode/DerivedData/DesktopPets-emfrruwyvkefzddtxrhpwqyuiczy/Build/Products/Debug/DesktopPets.app/Contents/MacOS/DesktopPets.debug.dylib

CodeSign /Users/didi/Library/Developer/Xcode/DerivedData/DesktopPets-emfrruwyvkefzddtxrhpwqyuiczy/Build/Products/Debug/DesktopPets.app/Contents/MacOS/__preview.dylib (in target 'DesktopPets' from project 'DesktopPets')
    cd /Users/didi/workspace/own-proj/desktop-pets
    
    Signing Identity:     "Sign to Run Locally"
    
    /usr/bin/codesign --force --sign - --timestamp\=none --generate-entitlement-der /Users/didi/Library/Developer/Xcode/DerivedData/DesktopPets-emfrruwyvkefzddtxrhpwqyuiczy/Build/Products/Debug/DesktopPets.app/Contents/MacOS/__preview.dylib
/Users/didi/Library/Developer/Xcode/DerivedData/DesktopPets-emfrruwyvkefzddtxrhpwqyuiczy/Build/Products/Debug/DesktopPets.app/Contents/MacOS/__preview.dylib: replacing existing signature

CodeSign /Users/didi/Library/Developer/Xcode/DerivedData/DesktopPets-emfrruwyvkefzddtxrhpwqyuiczy/Build/Products/Debug/DesktopPets.app (in target 'DesktopPets' from project 'DesktopPets')
    cd /Users/didi/workspace/own-proj/desktop-pets
    
    Signing Identity:     "Sign to Run Locally"
    
    /usr/bin/codesign --force --sign - --entitlements /Users/didi/Library/Developer/Xcode/DerivedData/DesktopPets-emfrruwyvkefzddtxrhpwqyuiczy/Build/Intermediates.noindex/DesktopPets.build/Debug/DesktopPets.build/DesktopPets.app.xcent --timestamp\=none --generate-entitlement-der /Users/didi/Library/Developer/Xcode/DerivedData/DesktopPets-emfrruwyvkefzddtxrhpwqyuiczy/Build/Products/Debug/DesktopPets.app

Validate /Users/didi/Library/Developer/Xcode/DerivedData/DesktopPets-emfrruwyvkefzddtxrhpwqyuiczy/Build/Products/Debug/DesktopPets.app (in target 'DesktopPets' from project 'DesktopPets')
    cd /Users/didi/workspace/own-proj/desktop-pets
    builtin-validationUtility /Users/didi/Library/Developer/Xcode/DerivedData/DesktopPets-emfrruwyvkefzddtxrhpwqyuiczy/Build/Products/Debug/DesktopPets.app -no-validate-extension -infoplist-subpath Contents/Info.plist

RegisterWithLaunchServices /Users/didi/Library/Developer/Xcode/DerivedData/DesktopPets-emfrruwyvkefzddtxrhpwqyuiczy/Build/Products/Debug/DesktopPets.app (in target 'DesktopPets' from project 'DesktopPets')
    cd /Users/didi/workspace/own-proj/desktop-pets
    /System/Library/Frameworks/CoreServices.framework/Versions/Current/Frameworks/LaunchServices.framework/Versions/Current/Support/lsregister -f -R -trusted /Users/didi/Library/Developer/Xcode/DerivedData/DesktopPets-emfrruwyvkefzddtxrhpwqyuiczy/Build/Products/Debug/DesktopPets.app

Test Suite 'All tests' started at 2026-06-29 09:31:52.394.
Test Suite 'DesktopPetsTests.xctest' started at 2026-06-29 09:31:52.395.
Test Suite 'PowerStateManagerTests' started at 2026-06-29 09:31:52.395.
Test Case '-[DesktopPetsTests.PowerStateManagerTests testPowerStateManagerInit]' started.
Test Case '-[DesktopPetsTests.PowerStateManagerTests testPowerStateManagerInit]' passed (0.002 seconds).
Test Case '-[DesktopPetsTests.PowerStateManagerTests testPowerStateManagerLowPowerToggle]' started.
Test Case '-[DesktopPetsTests.PowerStateManagerTests testPowerStateManagerLowPowerToggle]' passed (0.001 seconds).
Test Case '-[DesktopPetsTests.PowerStateManagerTests testPowerStateManagerSleepWakeTransitions]' started.
Test Case '-[DesktopPetsTests.PowerStateManagerTests testPowerStateManagerSleepWakeTransitions]' passed (0.001 seconds).
Test Suite 'PowerStateManagerTests' passed at 2026-06-29 09:31:52.399.
	 Executed 3 tests, with 0 failures (0 unexpected) in 0.004 (0.004) seconds
Test Suite 'DesktopPetsTests.xctest' passed at 2026-06-29 09:31:52.401.
	 Executed 3 tests, with 0 failures (0 unexpected) in 0.004 (0.006) seconds
Test Suite 'All tests' passed at 2026-06-29 09:31:52.401.
	 Executed 3 tests, with 0 failures (0 unexpected) in 0.004 (0.006) seconds

Test session results, code coverage, and logs:
	/Users/didi/Library/Developer/Xcode/DerivedData/DesktopPets-emfrruwyvkefzddtxrhpwqyuiczy/Logs/Test/Test-DesktopPetsTests-2026.06.29_09-31-47-+0800.xcresult

** TEST SUCCEEDED **

Testing started
